// Jest Snapshot v1, https://goo.gl/fbAQLP

exports[`Home renders correctly 1`] = `
<div
  className="min-h-screen bg-smoke"
>
  <header
    className="home-header-top"
  >
    <button
      aria-label="Toggle menu"
      className="home-header-menu-button"
      onClick={[Function]}
    >
      <svg
        className="home-header-menu-icon"
        fill="none"
        stroke="currentColor"
        strokeWidth="2"
        viewBox="0 0 24 24"
        xmlns="http://www.w3.org/2000/svg"
      >
        <line
          x1="3"
          x2="21"
          y1="6"
          y2="6"
        />
        <line
          x1="3"
          x2="21"
          y1="12"
          y2="12"
        />
        <line
          x1="3"
          x2="21"
          y1="18"
          y2="18"
        />
      </svg>
    </button>
    <h1
      className="home-header-mobile-title"
    >
      Este mes
    </h1>
  </header>
  <header
    className="home-header-content"
  >
    <h1
      className="home-header-title"
    >
      Este mes
    </h1>
  </header>
  <div
    className="home-header-divider hidden md:block"
  />
  <div
    className="px-5 py-6 space-y-6 pb-20 mt-16 md:mt-0"
  >
    <div
      className="card"
    >
      <h2
        className="text-lg font-semibold text-slate-gray mb-4"
      >
        Añadir nuevo recibo
      </h2>
      <div
        className="w-full"
      >
        <label
          className="flex flex-col items-center justify-center w-full p-8 border-2 border-dashed border-cambridge rounded-lg cursor-pointer hover:bg-smoke transition-colors duration-200"
        >
          <div
            className="flex flex-col items-center justify-center"
          >
            <svg
              className="h-12 w-12 text-cambridge mb-3"
              fill="none"
              stroke="currentColor"
              strokeLinecap="round"
              strokeLinejoin="round"
              strokeWidth="2"
              viewBox="0 0 24 24"
              xmlns="http://www.w3.org/2000/svg"
            >
              <path
                d="M23 19a2 2 0 0 1-2 2H3a2 2 0 0 1-2-2V8a2 2 0 0 1 2-2h4l2-3h6l2 3h4a2 2 0 0 1 2 2z"
              />
              <circle
                cx="12"
                cy="13"
                r="4"
              />
            </svg>
            <p
              className="text-sm font-semibold text-slate-gray mb-1"
            >
              Toca para cargar foto del recibo
            </p>
            <p
              className="text-xs text-cambridge font-sans"
            >
              PNG, JPG, GIF hasta 5MB
            </p>
          </div>
          <input
            accept="image/*"
            className="hidden"
            disabled={false}
            onChange={[Function]}
            type="file"
          />
        </label>
      </div>
    </div>
    <div
      className="text-center py-12"
    >
      <div
        className="inline-flex items-center justify-center"
      >
        <div
          className="animate-spin rounded-full h-8 w-8 border-4 border-cambridge border-t-myrtle"
        />
      </div>
    </div>
  </div>
</div>
`;
