// Jest Snapshot v1, https://goo.gl/fbAQLP

exports[`Home renders correctly 1`] = `
<div
  className="min-h-screen bg-smoke"
>
  <header
    className="home-header-top"
  >
    <button
      aria-label="Toggle menu"
      className="home-header-menu-button"
      onClick={[Function]}
    >
      <svg
        className="home-header-menu-icon"
        fill="none"
        stroke="currentColor"
        strokeWidth="2"
        viewBox="0 0 24 24"
        xmlns="http://www.w3.org/2000/svg"
      >
        <line
          x1="3"
          x2="21"
          y1="6"
          y2="6"
        />
        <line
          x1="3"
          x2="21"
          y1="12"
          y2="12"
        />
        <line
          x1="3"
          x2="21"
          y1="18"
          y2="18"
        />
      </svg>
    </button>
    <h1
      className="home-header-mobile-title"
    >
      Este mes
    </h1>
  </header>
  <header
    className="home-header-content"
  >
    <h1
      className="home-header-title"
    >
      Este mes
    </h1>
  </header>
  <div
    className="home-header-divider hidden md:block"
  />
  <div
    className="px-5 py-6 space-y-6 pb-20 mt-16 md:mt-0"
  >
    <div
      className="text-center py-12"
    >
      <div
        className="inline-flex items-center justify-center"
      >
        <div
          className="animate-spin rounded-full h-8 w-8 border-4 border-cambridge border-t-myrtle"
        />
      </div>
    </div>
  </div>
</div>
`;
